// Jest Snapshot v1, https://jestjs.io/docs/snapshot-testing

exports[`renders Navbar component correctly 1`] = `
<DocumentFragment>
  <nav
    class="nav-container"
  >
    <div
      class="navbar"
    >
      <img
        alt="Open Menu"
        src="test-file-stub"
      />
      <ul
        class="nav-menu"
        style="right: -160px;"
      >
        <img
          alt="Close Menu"
          src="test-file-stub"
        />
        <li>
          <a
            class="nav-button"
            href="#home"
          >
            <button
              class="nav-item-button"
            >
              Home
            </button>
          </a>
        </li>
        <li>
          <a
            class="nav-button"
            href="#about"
          >
            <button
              class="nav-item-button"
            >
              About
            </button>
          </a>
        </li>
        <li>
          <a
            class="nav-button"
            href="#projects"
          >
            <button
              class="nav-item-button"
            >
              Projects
            </button>
          </a>
        </li>
        <li>
          <a
            class="nav-button"
            href="#work"
          >
            <button
              class="nav-item-button"
            >
              Work
            </button>
          </a>
        </li>
        <li>
          <a
            class="nav-button"
            href="#volunteering"
          >
            <button
              class="nav-item-button"
            >
              Volunteering
            </button>
          </a>
        </li>
        <li>
          <a
            class="nav-button"
            href="#contact"
          >
            <button
              class="nav-item-button"
            >
              Contact
            </button>
          </a>
        </li>
        <li>
          <a
            class="resume-link"
            href="/Tarek_Ibrahim_Resume.pdf"
            rel="noopener noreferrer"
            target="_blank"
          >
            Resume
          </a>
        </li>
      </ul>
    </div>
  </nav>
</DocumentFragment>
`;
