// Jest Snapshot v1, https://goo.gl/fbAQLP

exports[`renders Contact component correctly 1`] = `
<DocumentFragment>
  <div
    class="contact"
    id="contact"
  >
    <div
      class="contact-title"
    >
      <h1>
        Get In Touch
      </h1>
    </div>
    <div
      class="contact-section"
    >
      <div
        class="contact-left"
      >
        <h1>
          Connect With Me
        </h1>
        <p>
          I am a Software Engineer currently looking for software engineering internship opportunities! If you know of any positions available, have any questions, or just want to get in touch, feel free to contact me. I will get back to you as soon as possible!
        </p>
        <div
          class="contact-details"
        >
          <div
            class="contact-detail"
          >
            <svg
              aria-hidden="true"
              class="MuiSvgIcon-root MuiSvgIcon-fontSizeMedium css-i4bv87-MuiSvgIcon-root"
              data-testid="EmailIcon"
              focusable="false"
              viewBox="0 0 24 24"
            >
              <path
                d="M20 4H4c-1.1 0-1.99.9-1.99 2L2 18c0 1.1.9 2 2 2h16c1.1 0 2-.9 2-2V6c0-1.1-.9-2-2-2m0 4-8 5-8-5V6l8 5 8-5z"
              />
            </svg>
            <p>
              tarekibrahim3@cmail.carleton.ca
            </p>
          </div>
          <div
            class="contact-detail"
          >
            <svg
              aria-hidden="true"
              class="MuiSvgIcon-root MuiSvgIcon-fontSizeMedium css-i4bv87-MuiSvgIcon-root"
              data-testid="PhoneIcon"
              focusable="false"
              viewBox="0 0 24 24"
            >
              <path
                d="M6.62 10.79c1.44 2.83 3.76 5.14 6.59 6.59l2.2-2.2c.27-.27.67-.36 1.02-.24 1.12.37 2.33.57 3.57.57.55 0 1 .45 1 1V20c0 .55-.45 1-1 1-9.39 0-17-7.61-17-17 0-.55.45-1 1-1h3.5c.55 0 1 .45 1 1 0 1.25.2 2.45.57 3.57.11.35.03.74-.25 1.02z"
              />
            </svg>
            <p>
              +1(613) 220 7759
            </p>
          </div>
          <div
            class="contact-detail"
          >
            <svg
              aria-hidden="true"
              class="MuiSvgIcon-root MuiSvgIcon-fontSizeMedium css-i4bv87-MuiSvgIcon-root"
              data-testid="LocationOnIcon"
              focusable="false"
              viewBox="0 0 24 24"
            >
              <path
                d="M12 2C8.13 2 5 5.13 5 9c0 5.25 7 13 7 13s7-7.75 7-13c0-3.87-3.13-7-7-7m0 9.5c-1.38 0-2.5-1.12-2.5-2.5s1.12-2.5 2.5-2.5 2.5 1.12 2.5 2.5-1.12 2.5-2.5 2.5"
              />
            </svg>
            <p>
              Ottawa, Ontario, Canada
            </p>
          </div>
        </div>
      </div>
      <form
        class="contact-right"
      >
        <label
          for="name"
        >
          Your Name
        </label>
        <input
          name="name"
          placeholder="Enter your name"
          type="text"
        />
        <label
          for="email"
        >
          Your Email
        </label>
        <input
          name="email"
          placeholder="Enter your email"
          type="email"
        />
        <label
          for="message"
        >
          Your Message
        </label>
        <textarea
          name="message"
          placeholder="Enter your message"
          rows="8"
        />
        <button
          class="contact-submit"
          type="submit"
        >
          Submit Message
        </button>
      </form>
    </div>
  </div>
</DocumentFragment>
`;
