// Jest Snapshot v1, https://goo.gl/fbAQLP

exports[`renders About component correctly 1`] = `
<DocumentFragment>
  <div
    class="about"
    id="about"
  >
    <div
      class="about-title"
    >
      <h1>
        About Me
      </h1>
    </div>
    <div
      class="about-sections"
    >
      <div
        class="about-right"
      >
        <div
          class="about-para"
        >
          <p>
            Hello! I'm Tarek Ibrahim, a dedicated and passionate software developer based in Ottawa, Ontario. Currently pursuing a degree in Software Engineering with Co-op at Carleton University,
          </p>
          <p>
            I have a strong passion for software development, with over 5 years of programming experience across a variety of languages and projects. What excites me most about software is the creativity of building something from behind a keyboard and the endless opportunities for learning and growth. I am constantly seeking to learn new technologies and refine my skills. Below are my most used languages.
          </p>
        </div>
        <div
          class="about-skills"
        >
          <div
            class="about-skill"
          >
            <div
              class="skill-text"
            >
              <p>
                C/C++
              </p>
            </div>
            <hr
              style="width: 100%;"
            />
          </div>
          <div
            class="about-skill"
          >
            <div
              class="skill-text"
            >
              <p>
                Python
              </p>
            </div>
            <hr
              style="width: 100%;"
            />
          </div>
          <div
            class="about-skill"
          >
            <div
              class="skill-text"
            >
              <p>
                Golang
              </p>
            </div>
            <hr
              style="width: 80%;"
            />
          </div>
          <div
            class="about-skill"
          >
            <div
              class="skill-text"
            >
              <p>
                JavaScript
              </p>
            </div>
            <hr
              style="width: 70%;"
            />
          </div>
          <div
            class="about-skill"
          >
            <div
              class="skill-text"
            >
              <p>
                Java
              </p>
            </div>
            <hr
              style="width: 70%;"
            />
          </div>
        </div>
      </div>
    </div>
    <div
      class="about-achievements"
    >
      <div
        class="about-achievement"
      >
        <h1>
          4+
        </h1>
        <p>
          YEARS PROGRAMMING EXPERIENCE
        </p>
        <hr />
      </div>
      <div
        class="about-achievement"
      >
        <h1>
          30+
        </h1>
        <p>
          PROJECTS
        </p>
        <hr />
      </div>
      <div
        class="about-achievement"
      >
        <h1>
          1+
        </h1>
        <p>
          YEARS WORK EXPERIENCE
        </p>
      </div>
    </div>
  </div>
</DocumentFragment>
`;
